// Jest Snapshot v1, https://goo.gl/fbAQLP

exports[`Pruebas en <FirstApp /> Debe hacer match con snapshot 1`] = `
<div>
  <h1
    data-testid="test-title"
  >
    Hola, Soy Illika
  </h1>
  <p>
    No hay subTitle
  </p>
  <p>
    illika
     
  </p>
</div>
`;
